/* File generated with Shader Minifier 1.1.6
 * http://www.ctrl-alt-test.fr
 */

var disco_frag = `uniform vec2 resolution;uniform float time;uniform sampler2D tex0,tex1,tex2,tex3;vec4 s(vec2 px,float z){float l=3.1415,k=time*sign(z),x=px.x*320.*.0065*z,y=px.y*240.*.006*z,c=sqrt(x*x+y*y);if(c>1.)return vec4(0.);else{float u=-.4*sign(z)+sin(k*.05),v=sqrt(1.-x*x-y*y),q=y*sin(u)-v*cos(u);y=y*cos(u)+v*sin(u);v=acos(y);u=acos(x/sin(v))/(2.*l)*120.*sign(q)-k;v=v*60./l;q=cos(floor(v/l));c=pow(abs(cos(u)*sin(v)),.2)*.1/(q+sin(float(int((u+l/2.)/l))+k*.6+cos(q*25.)))*pow(1.-c,.9);vec4 res;if(c<0.)res=vec4(-c/2.*abs(cos(k*.1)),0.,-c*2.*abs(sin(k*.04)),1.);else res=vec4(c,c*2.,c*2.,1.);return res;}}void main(){vec2 p=-1.+2.*gl_FragCoord.xy/resolution.xy;vec4 c=vec4(0.);for(int i=80;i>0;i--)c+=s(p,1.-float(i)/80.)*(.008-float(i)*5e-05);vec4 d=s(p,1.);gl_FragColor=(d.w==0.?s(p,-.2)*.02:d)+sqrt(c);}`
