/* File generated with Shader Minifier 1.1.6
 * http://www.ctrl-alt-test.fr
 */
#ifndef OSCARS_CHAIR_FRAG_EXPECTED_
# define OSCARS_CHAIR_FRAG_EXPECTED_
# define VAR_TEX1 "a"

const char *oscars_chair_frag =
 "#version 130\n"
 "vec2 v=gl_FragCoord.xy/1280;"
 "uniform sampler2D a;"
 "float y=gl_TexCoord[0].x/44100,i,c,s=1,f;"
 "vec3 m=vec3(7,5,19),z=vec3(-4,0,3),g,x,l=vec3(0,5,-7),r;"
 "float n(vec2 x,float v)"
 "{"
   "float g=0,m=1,y=1;"
   "for(int i=0;i<f;++i)"
     "g+=(texture(a,(x+i*40)*m/vec2(1280,640)).z*2-1)*(y/=v),m*=2;"
   "return g;"
 "}"
 "float p(vec2 v,out vec3 g)"
 "{"
   "vec2 a=v;"
   "float c;"
   "if(i==0)"
     "{"
       "v+=n(v,2)/50;"
       "v+=floor(v*vec2(.6,7)+12*cos(floor(v.y*4.5)))*31;"
       "g=vec3(1,.57,.2)*(3+n(v,2))/16+n(v*vec2(.8,16),2)/30;"
       "if(y>25&&y<=60&&a.y<1)"
         "g=mix(g,vec3(1,.01,.01)/9,smoothstep(.2,.204,n(a,2.3)));"
       "c=.15+.017*n(v*vec2(.12,12)+n(v,2)/2,1.4)+g.x/2;"
       "g*=pow(c,4)*168;"
       "return c;"
     "}"
   "if(abs(v.x)<1.5&&abs(v.y-3)<3&&x.z<-m.z+.1)"
     "{"
       "g=vec3(n(v*vec2(1,.2),2)+2)/4;"
       "v=abs(v+n(v,2)/60-vec2(0,3));"
       "if(v.x>1.475||v.y>2.975)"
         "g*=.3;"
       "return 11-clamp(abs(max(abs(v.x-.7)+.3,abs(v.y-1.4)-.3)-.7),.05,.14)*11+n(v*vec2(1,.2),2.5);"
     "}"
   "c=1-smoothstep(.1,.12,n(v/2+10,2.5)-.1);"
   "g=mix(vec3(.7),mix(vec3(1,1,.5)/1.4+n(v*8,1.2)/15,vec3(.65,1,.5),c)/4*min(v.y*3-1.5+.8,1),step(.5,v.y))-step(.4,n(v*3,1.6))/140;"
   "return n(v,2)/2-g.y*4;"
 "}"
 "vec3 t(vec2 v,out vec3 y)"
 "{"
   "return g=vec3(.004,0,0),normalize(vec3(p(v+g.xy,y)-p(v-g.xy,y),.16,p(v+g.yx,y)-p(v-g.yx,y)));"
 "}"
 "float n(vec3 v)"
 "{"
   "float x=y>81?-1.4:-2.827;"
   "v-=z;"
   "v.y+=(n(v.xz*=mat2(cos(x),sin(x),-sin(x),cos(x)),2.5)/2+.5)*clamp(y/3-29,0,5)+m.y-1.25;"
   "v.x+=n(v.yz,2.5)*clamp(y/3-29,0,5)-max(0,v.y)/10;"
   "v.z=abs(v.z);"
   "return min(min(min(max(length(max(abs(v.xz)-vec2(.45,.41),0))-.25,abs(v.y)-.02),length(v-vec3(clamp(v.x,-.6,.6),-.1,.6))-.025),length(vec3(abs(v.x)-.6+min(0,v.y)/5,v.y-clamp(v.y,-1.24,1.5*step(0,v.x)),v.z-.6))-.025),max(length(max(abs(v.yz-vec2(1,0))-vec2(.5,.35),0))-.25,abs(v.x-.6)-.03));"
 "}"
 "float e(vec3 v,vec3 y)"
 "{"
   "float g=0,x=0;"
   "for(;x<200&&g<30;++x)"
     "i=min(i,c=n(v+y*g)),g+=c/2;"
   "return g;"
 "}"
 "vec3 h(vec3 v,vec3 a)"
 "{"
   "vec3 f;"
   "x=v+a*(c=min((sign(a.x)*m.x-v.x)/a.x,min((sign(a.y)*m.y-v.y)/a.y,(sign(a.z)*m.z-v.z)/a.z)));"
   "if(abs(x.y)>m.y-.001)"
     "i=0,g=t(x.xz/2,f),f*=min(vec3(.75,1,.75)+min(m.x-abs(x.x),m.z-abs(x.z))/4,1)*smoothstep(0,2.2,length(x-z-vec3(0,-m.y+1.25,0)));"
   "else"
     "{"
       "i=1;"
       "g=t(vec2(x.x-x.z-m.z,x.y+m.y),f).xzy;"
       "if(abs((x/m).x)>abs((x/m).z)&&abs((x/m).x)>abs((x/m).y))"
         "g=g.zyx*vec3(-sign(x.x),1,-1);"
       "f*=mix(vec3(1,1,.5),vec3(1),min((-abs(x.y)+m.y)/4,1))*sqrt(min((-abs(x.y)+m.y)*8+.4,1));"
     "}"
   "f*=mix(4,1,smoothstep(1,2,length(x/m)))*max(0,1+3*dot(g,normalize(l-x)))/16*(1-smoothstep(0,2.5,length(max(abs(x)-m+1,0))));"
   "f=(f+pow(clamp(dot(normalize(normalize(l-x)-a),g),0,1),64)*(f*.8+.2))*exp2(-length(l-x)/1.2)*s*20*mix(.02,2,smoothstep(.6,.7,dot(normalize(l-x),r)));"
   "if(y<=97)"
     "f+=pow(vec3(2.2,.7,.3)*exp(-abs(n(x.xz/2+x.y/4-y/2,1.5))*10*n(-x.xy+y-x.z,1.5)+n(x.xy-y/3,2)*6-x.y-m.y-x.z-m.z+(y-88)/4+x.x/9),vec3(2))/70;"
   "return f;"
 "}"
 "void main()"
 "{"
   "if(gl_TexCoord[0].y==0)"
     "gl_FragColor.xyz=vec3(gl_TexCoord[0].xx,fract(sin(float((int(gl_FragCoord.x)*19349663^int(gl_FragCoord.y)*83492791)%38069))*43758.5));"
   "else"
     " if(gl_TexCoord[0].y==1)"
       "{"
         "gl_FragColor*=0;"
         "for(int p=-6;p<=6;++p)"
           "for(int t=-6;t<=6;++t)"
             "if(t*t+p*p<37)"
               "gl_FragColor=mix(gl_FragColor,max(gl_FragColor,texelFetch(a,ivec2(gl_FragCoord.xy+vec2(t,p)*texelFetch(a,ivec2(gl_FragCoord.xy),0).w),0)),.06);"
       "}"
     "else"
       " if(abs((v.y+=.22)-.5)<.2)"
         "{"
           "vec3 t=vec3(0);"
           "for(int p=0;p<8;++p)"
             "{"
               "float o=2.7;"
               "vec3 d=vec3(10+y/4,-4,-1),w=vec3(-7,-2,0);"
               "c=0;"
               "if(y>97)"
                 "w=d=vec3(0,-4,y-97),w.z-=1,l=vec3(0,3,-22),s=.4,m=vec3(3,7,28),z=vec3(-4,0,13);"
               "else"
                 " if(y>81)"
                   "w=d=vec3(0,-3.6,97-y),w.z-=1,l=vec3(0,5,-5),s=.01,o=1.7,m=vec3(7,5,9),z=vec3(0,0,-2);"
                 "else"
                   " if(y>60)"
                     "d=vec3((y-60)/5-1,-2,13),w=vec3(-7,-5,-7),l=vec3(0,5,-3),c=sin(y-60)/10-.9,m=vec3(7,5,9),z=vec3(-4,0,2);"
                   "else"
                     " if(y>25)"
                       "d=vec3(0,0,25-y/2.7),w=vec3(0,-4,18-y/2.7),l=vec3(-2,5,-7),m=vec3(9,5,14),z=vec3(3.5,0,-6);"
                     "else"
                       " c=-.9;"
               "f=7;"
               "r=vec3(0,cos(c),sin(c));"
               "vec3 u=normalize(w-d),b=normalize(vec3(-u.z,0,u.x));"
               "if(y>81&&y<=97)"
                 "u.y+=n(vec2(y+6)/2,2)*.05,b.y+=n(vec2(y)/3,2)*.08;"
               "u=mat3(b,cross(b,u),u)*normalize(vec3(v*2+vec2(p&1,p/2)/1200-1,o));"
               "float C=e(d,u);"
               "if(C<30)"
                 "x=d+u*C,g=vec3(.02,0,0),g=normalize(vec3(n(x+g.xyy)-c,n(x+g.yxy)-c,n(x+g.yyx)-c)),f=2,b=h(x,reflect(u,g))*pow(1+dot(u,g),3);"
               "else"
                 "{"
                   "b=h(d,u);"
                   "o=(.3+.7*pow(1+dot(u,g),2)/4)*(.1+.9*step(x.y,-m.y+.01));"
                   "d=reflect(u,g);"
                   "C=c;"
                   "f=2;"
                   "i=100.;"
                   "u=normalize(l-x);"
                   "e(x+u*.01,u);"
                   "b*=.4+.6*smoothstep(0,n(x)/5,i);"
                   "if(x.y<-m.y+.01)"
                     "if(e(x,d)<30)"
                       "o*=.2,b*=.7;"
                   "b+=h(x,d)*o*mix(vec3(1),b,.8);"
                 "}"
               "if(y>60&&y<=97)"
                 "gl_FragColor.w=y<=81?(C-15)/6:C/15;"
               "b*=smoothstep(0,2,abs(y-60))*smoothstep(0,3,abs(y-112))*(1-(pow(abs(v.x*2-1),4)+pow(abs(v.y*2-1)*2.5,4))*.4);"
               "b=pow(.003+b*40,vec3(1,1.1,1.2));"
               "t+=b/(b+.4)*1.1;"
             "}"
           "c=0;"
           "for(int p=0;p<64;++p)"
             "c+=texture(a,clamp((v-vec2(.4,.532)+vec2(p&7,p/8)/10000)*4*vec2(2.25,4),0,1)).x+texture(a,clamp((v-vec2(.38,.33)+vec2(p&7,p/8)/10000)*vec2(2.25,4),0,1)).y;"
           "gl_FragColor.xyz=sqrt(t/8)+c/104*clamp((6-abs(y-10))/5,0,1);"
         "}"
 "}";

#endif // OSCARS_CHAIR_FRAG_EXPECTED_
