/* File generated with 
 * http://www.ctrl-alt-test.fr
 */
#ifndef SULT_EXPECTED_
# define SULT_EXPECTED_
# define VAR_resolution "r"
# define VAR_time "c"

const char *sult_frag =
 "float v=5.,z=.9,y=0.,a=90.,x=0.;"
 "vec3 m=vec3(1),n=vec3(0,0,1),s=vec3(0,0,1.5);"
 "uniform vec2 r;"
 "uniform float c;"
 "vec3 rotatey(vec3 v,float m)"
 "{"
   "return vec3(v.x*cos(m)+v.z*sin(m),v.y,v.z*cos(m)-v.x*sin(m));"
 "}"
 "float f=0.,w=10.;"
 "float e(vec3 m)"
 "{"
   "float y=c,z,a=0.,g,o,t;"
   "vec3 r;"
   "m+=(sin(m.zxy*1.7+y)+sin(m.yzx+y*3.))*.2;"
   "a=v<6.?"
     "length(m.xyz*vec3(1,1,.1)-vec3(0,-.1,y*.15-.3))-.34:"
     "length(m.xy+vec2(0,.7))-.3+(sin(m.z*17.+y*.6)+sin(m.z*2.)*6.)*.01;"
   "m.xy=vec2(atan(m.x,m.y)*1.113,1.6-length(m.xy)-sin(y*2.)*.3);"
   "r=fract(m.xzz+.5).xyz-.5;"
   "r.y=(m.y-.35)*1.3;"
   "z=max(abs(m.y-.3)-.05,abs(length(fract(m.xz)-.5)-.4)-.03);"
   "f=step(a,z);"
   "return min(min(z,a),m.y-.2);"
 "}"
 "vec3 d=vec3(.19,.2,.24),o=vec3(1),t=vec3(.45,.01,0),g=vec3(.17,0,0);"
 "void main()"
 "{"
   "vec2 l=-1.+2.*gl_FragCoord.xy/r.xy;"
   "vec3 i=normalize(rotatey(rotatey(vec3(l.y*z,l.x*z*1.33,1),-y*.035).yxz,(a+x*c)*.035)),p=n+s*c;"
   "float u=1.,h=0.,F,C,b=0.,Z,Y,X,W;"
   "vec3 V=vec3(.01,0,0),U=V.yyy,T;"
   "for(;u>.1;)"
     "{"
       "for(F=b,C=1.;F<w&&C>.005;F+=C)"
         "C=e(p+i*F);"
       "if(F<w)"
         "p+=i*F,Z=e(p),X=f,T=normalize(-vec3(Z-e(p+V.xyy),Z-e(p+V.yxy),Z-e(p+V.yyx))),Y=clamp(e(p+T*.05)*4.+e(p+T*.1)*2.+.5,.1,1.),h=X*.3,T=normalize(T+step(4.,v)*f*sin(p.yzx*40.)*.05),i=reflect(i,T),W=clamp(dot(normalize(m),T),0.,1.),T=mix(mix(d,o,W),t*(W+.2),X)+vec3(.7*pow(clamp(dot(normalize(m),i),0.,1.),12.)),U+=u*mix(T*Y,g,F/w),u*=h*(1.-F/w),b=.1;"
       "else"
         " U+=u*g,u=0.;"
     "}"
   "gl_FragColor.xyz=U;"
   "gl_FragColor.w=1.;"
 "}";

#endif // SULT_EXPECTED_
