// Generated with  (https://github.com/laurentlb/Shader_Minifier/)
#ifndef MOUTON_EXPECTED_
# define MOUTON_EXPECTED_
# define VAR_a_position "v"
# define VAR_animationAmp "m"
# define VAR_animationSpeed "f"
# define VAR_anvilPos "i"
# define VAR_blink "n"
# define VAR_camFocal "o"
# define VAR_camPos "c"
# define VAR_camTa "e"
# define VAR_excited "d"
# define VAR_eyeDir "l"
# define VAR_eyesSurprise "p"
# define VAR_fishEyeFactor "u"
# define VAR_flowerPos "y"
# define VAR_fragColor "C"
# define VAR_headRot "a"
# define VAR_iTime "t"
# define VAR_noseSize "w"
# define VAR_panelPos "x"
# define VAR_panelWarningPos "z"
# define VAR_sheepPos "s"
# define VAR_sunDir "r"
# define VAR_tex "Y"

const char *mouton_vert =
 "#version 150\n"
 "in vec4 v;"
 "out vec3 m,f,s,y,x,z,i,r,c,e,l;"
 "out vec2 a,d;"
 "out float n,o,p,u,w;"
 "uniform float t;"
 "void main()"
 "{"
   "gl_Position=v;"
   "float g=t;"
   "s=vec3(0);"
   "x=vec3(9e7);"
   "y=vec3(9e7);"
   "z=vec3(9e7);"
   "i=vec3(9e7);"
   "o=2.;"
   "n=max(fract(t*.333),fract(t*.123+.1));"
   "d=vec2(0);"
   "r=normalize(vec3(3.5,1,-1));"
   "f=vec3(1);"
   "u=0.;"
   "a=vec2(0);"
   "w=1.;"
   "p=0.;"
   "if(g<7.5)"
     "m=vec3(1,.2,1),f=vec3(1,1,.5),l=vec3(0,.45,1),a.y=.25,o=4.,c=vec3(0,2.5,-3.7),e=vec3(0,3,0);"
   "else if(g<14.5)"
     "m=vec3(1,.2,.25),f=vec3(1,1,2),l=vec3(0,.5,1),a.y=.25,o=4.,c=vec3(5,.5,0),e=vec3(0,.5,1);"
   "else if(g<29.5)"
     "{"
       "float C=g-14.5;"
       "m=vec3(1,.2,.25);"
       "f=vec3(1,1,2);"
       "l=vec3(0,.5,1);"
       "a.y=.25;"
       "c=vec3(5.+C*.5,2,C*.5);"
       "e=vec3(0,2,0);"
     "}"
   "else if(g<44.)"
     "{"
       "float C=g-29.;"
       "m=vec3(1,.2,.25);"
       "f=vec3(1,1,2);"
       "l=vec3(0,.5,1);"
       "a.y=.25;"
       "float U=C*.35+2.5;"
       "r=normalize(vec3(cos(U),sin(U),-.3));"
       "o=1.5;"
       "c=vec3(22,2,C*.6-10.);"
       "e=vec3(0,2,C*.6-10.);"
     "}"
   "else if(g<52.)"
     "{"
       "float C=g-44.,U=smoothstep(5.,5.5,C);"
       "a.y=mix(.25,0.,U);"
       "m=vec3(1.-U,.2*(1.-U),1);"
       "f=vec3(1,1,.5);"
       "l=vec3(U*.3,.3-U*.3,1);"
       "p=smoothstep(7.4,7.6,C)*.2;"
       "o=4.;"
       "c=vec3(0,3,-4);"
       "e=vec3(0,3,0);"
       "if(C>3.)"
         "n=max(fract(t*.333),fract(t*.333+.08));"
     "}"
   "else if(g<54.8)"
     "{"
       "float C=g-52.;"
       "x=vec3(-5,0,-8);"
       "s=vec3(9e7);"
       "l=vec3(.3,0,1);"
       "p=.2;"
       "float U=smoothstep(0.,.5,C);"
       "o=mix(4.,3.,U);"
       "c=vec3(0,3,-4);"
       "e=mix(vec3(0,3,0),vec3(-5,5,-9),U);"
     "}"
   "else if(g<60.)"
     "{"
       "float C=g-55.;"
       "d.x=smoothstep(0.,.5,C);"
       "m=vec3(0);"
       "n=0.;"
       "l=vec3(.3,0,1);"
       "c=mix(vec3(0,3,-4),vec3(0,2,-6),d.x);"
       "e=vec3(0,3,0);"
       "o=mix(4.,3.,d.x)+smoothstep(0.,5.,C);"
     "}"
   "else if(g<65.)"
     "{"
       "float C=g-60.;"
       "l=vec3(0,0,1);"
       "s=vec3(0,0,-C*3.-2.);"
       "x=vec3(-5,0,-8);"
       "m=vec3(1,1,.5);"
       "f=vec3(3,1.5,8)*1.5;"
       "c=vec3(16,5,9);"
       "e=vec3(3,5,-2.-C);"
       "o=3.;"
     "}"
   "else if(g<73.)"
     "{"
       "float C=g-65.;"
       "m=vec3(1);"
       "f=vec3(3,1.5,8);"
       "float U=mod(C,8.);"
       "l=vec3(smoothstep(.5,1.,U)*smoothstep(2.8,2.5,U)-smoothstep(4.,4.5,U)*smoothstep(5.8,5.5,U)+cos(t)*.2,cos(t*.5)*.1+.1,1);"
       "u=.3;"
       "o=2.5;"
       "c=vec3(2.75,1,-5.25);"
       "e=vec3(0,2.3,0);"
       "float D=mod(C,2.);"
       "w+=smoothstep(.5,.6,D)*smoothstep(.7,.6,D)*.3;"
       "D=mod(C+.3,3.);"
       "w+=smoothstep(.5,.6,D)*smoothstep(.7,.6,D)*.3;"
     "}"
   "else if(g<76.)"
     "{"
       "float C=g-73.,U=smoothstep(1.,3.,C);"
       "m=vec3(0,1.-U*.5,1);"
       "f=vec3(3,1.5,6);"
       "l=vec3(U*.5,.3-U*.45,1);"
       "o=4.;"
       "c=vec3(0,3,-4);"
       "e=vec3(0,3,0);"
       "if(C>3.)"
         "n=max(fract(t*.333),fract(t*.333+.08));"
     "}"
   "else if(g<81.25)"
     "{"
       "float C=g-76.;"
       "z=vec3(-5,0,-8);"
       "l=vec3(.5,-.15,1);"
       "m=vec3(0,.5,1);"
       "f=vec3(3,1.5,6);"
       "float U=smoothstep(0.,1.,C);"
       "o=mix(4.,3.,U);"
       "c=vec3(0,3,-4);"
       "e=mix(vec3(0,3,0),vec3(-5,5,-9),U);"
     "}"
   "else if(g<88.)"
     "{"
       "float C=g-81.25;"
       "s=vec3(0,0,-11);"
       "z=vec3(-5,0,-8);"
       "l=normalize(mix(vec3(1,-.5,1),vec3(0,.5,1),smoothstep(2.8,3.2,C)));"
       "l=mix(l,vec3(1,-.5,1),smoothstep(6.,6.5,C));"
       "a.y=smoothstep(3.,3.5,C)*.6;"
       "a.x=smoothstep(3.,3.5,C)*smoothstep(7.,5.,C)*.25*sin(C*3.);"
       "m=vec3(1,.2,.5);"
       "f=vec3(0,.2,1);"
       "c=vec3(-3,4.8,-30);"
       "e=vec3(-3,4,0);"
       "o=3.5;"
     "}"
   "else if(g<96.)"
     "{"
       "float C=g-87.,U=smoothstep(6.,9.,C);"
       "s=vec3(0,0,C*.25-11.);"
       "z=vec3(-2,0,-8);"
       "l=vec3(-.5,.25-U,1);"
       "a.y=.5-U;"
       "m=vec3(1,.2,.5);"
       "f=vec3(-1,1,1)*.5;"
       "c=vec3(18,5,-5);"
       "e=vec3(-5,5,-6);"
       "o=3.;"
     "}"
   "else if(g<102.)"
     "{"
       "float C=g-96.;"
       "m=vec3(0);"
       "f=vec3(0);"
       "z=vec3(0,0,-8);"
       "e=mod(C,3.)<1.5?"
         "(n=0.,c=vec3(0,2,-8),vec3(0,3,0)):"
         "(c=vec3(0,5.5,2),vec3(0,5.75,0));"
       "l=vec3(0,-.1,1);"
       "o=3.+C*.1;"
     "}"
   "else if(g<110.)"
     "{"
       "float C=g-103.5,U=sin(min(C,5.));"
       "m=vec3(0);"
       "f=vec3(0);"
       "l=normalize(vec3(U*.7,0,1));"
       "l=mix(l,vec3(-.3,.2,1),smoothstep(5.2,5.4,C));"
       "a.x=U*.25;"
       "p=smoothstep(6.,6.2,C)*.2;"
       "s=vec3(0,(smoothstep(6.,6.2,C)-smoothstep(6.2,6.4,C))*.4,0);"
       "o=3.5;"
       "c=vec3(0,2,-8);"
       "e=vec3(0,3,0);"
     "}"
   "else if(g<112.)"
     "{"
       "float C=g-110.;"
       "s=vec3(9e7);"
       "z=vec3(-2,0,-8);"
       "y=vec3(5,0,-20);"
       "float U=smoothstep(.5,1.,C);"
       "o=mix(3.,4.,U);"
       "c=vec3(0,5.5,2);"
       "e=mix(vec3(-.5,5.75,0),vec3(5,2,-20),U);"
       "d.x=U*.3;"
     "}"
   "else if(g<117.8)"
     "{"
       "float C=g-112.;"
       "C*=1.2;"
       "m=vec3(.1);"
       "f=vec3(.2);"
       "o=2.8+C*.15;"
       "int U=int(C);"
       "if(U%4==1)"
         "z=vec3(0,0,-8),c=vec3(2.5,2,-1),e=vec3(1,5.25,-8),o=2.8+pow(C*.3,1.2);"
       "else if(U%4==3)"
         "y=vec3(4,0,-8),c=vec3(0,5.5,2),e=vec3(4,3,-8),d.x=.3+.2/12.,d.y=C/12.;"
       "else"
         " c=vec3(0,2.4,-8),e=vec3(0,3,0);"
       "float D=smoothstep(.3,.7,fract(C));"
       "if(U%4==0)"
         "D=1.-D;"
       "a.x=-D*.1;"
       "l=normalize(mix(vec3(.1,-.25,1),vec3(-.2,.2,1),D));"
       "l+=vec3(cos(C*10.),cos(C*5.),1)*.01;"
     "}"
   "else if(g<121.8)"
     "{"
       "float C=g-118.;"
       "s=vec3(9e7);"
       "z=vec3(-2,0,-8);"
       "y=vec3(5,0,-20);"
       "o=9.+C*.2;"
       "c=vec3(0,5.5,2);"
       "e=vec3(5,2,-20);"
       "d.x=.4;"
       "d.y=C;"
     "}"
   "else if(g<125.)"
     "{"
       "float C=g-120.;"
       "m=vec3(0,.1,0);"
       "f=vec3(0,.5,0);"
       "c=vec3(0,2.4,-8);"
       "e=vec3(0,3,0);"
       "a.x=-.1;"
       "a.y=sin(C*2.)*.1;"
       "p=smoothstep(0.,3.,C)*.1;"
       "l=vec3(-.2,.2,1);"
       "o=3.2-C*.15;"
       "d.x=.1;"
       "d.y=5.;"
     "}"
   "else if(g<137.)"
     "{"
       "float C=g-125.;"
       "l=vec3(0,0,1);"
       "s=vec3(0,0,-C*2.+2.);"
       "y=vec3(0,-.5,-30);"
       "m=vec3(1,1,.5);"
       "f=vec3(3,1.5,8);"
       "c=vec3(-2,3.5,mix(-10.,-33.,smoothstep(0.,10.,C)));"
       "e=vec3(2,2,-3.-C*2.);"
       "o=3.;"
     "}"
   "else if(g<142.)"
     "{"
       "float C=g-137.2;"
       "l=vec3(0,0,1);"
       "s=vec3(0,(1.-smoothstep(.3,.25,C))*-4.8,-22.-C*2.);"
       "y=vec3(2,0,-30);"
       "m=vec3(1,1,.5);"
       "f=vec3(3,1.5,8);"
       "c=vec3(-20,6,-13)+vec3(cos(C*72.),cos(C*64.),sin(C*48.))*3.*smoothstep(.3,.31,C)*smoothstep(.7,.1,C);"
       "e=vec3(3,2,-23);"
       "o=mix(4.,4.2,smoothstep(0.,5.,C));"
       "i=vec3(0,smoothstep(.3,.2,C)*13.,-22);"
     "}"
   "else"
     "{"
       "float C=g-143.;"
       "l=vec3(0,0,1);"
       "s=vec3(9e7);"
       "z=vec3(-1,0,-8);"
       "y=vec3(1,0,-25);"
       "e=vec3(2,3.6,-18);"
       "c=vec3(5,5,2);"
       "o=2.5+smoothstep(1.7,2.2,C)*4.2;"
       "i=vec3(7,0,-20);"
     "}"
   "l=normalize(l);"
 "}";

const char *mouton_frag =
 "#version 150\n"
 "out vec4 C;"
 "const vec2 g=vec2(1920,1080);"
 "in vec3 m,f,s,y,x,z,i,r,c,e,l;"
 "in vec2 a,d;"
 "in float n,o,p,u,w;"
 "uniform float t;"
 "const float U=acos(-1.);"
 "float D=0.;"
 "vec2 h(vec2 i,vec2 C)"
 "{"
   "return i.x<C.x?"
     "i:"
     "C;"
 "}"
 "float h(vec3 v,vec3 C,float f)"
 "{"
   "float m=max(dot(v,normalize(C+v)),0.),y=2e3/f;"
   "f=3./f;"
   "return(pow(m,y)*(y+2.)+pow(m,f)*(f+2.)*2.)*.008;"
 "}"
 "vec3 h(vec3 v)"
 "{"
   "uvec3 f=uvec3((v+1e2)*1e4);"
   "f=(f>>8U^f.yzx)*1103515245U;"
   "f=(f>>8U^f.yzx)*1103515245U;"
   "f=(f>>8U^f.yzx)*1103515245U;"
   "return vec3(f)*(1./float(-1U));"
 "}"
 "float B(vec3 v)"
 "{"
   "vec3 C=floor(v);"
   "v=fract(v);"
   "v=v*v*v*(v*(v*6.-15.)+10.);"
   "return mix(mix(mix(h(C+vec3(0)).x,h(C+vec3(1,0,0)).x,v.x),mix(h(C+vec3(0,1,0)).x,h(C+vec3(1,1,0)).x,v.x),v.y),mix(mix(h(C+vec3(0,0,1)).x,h(C+vec3(1,0,1)).x,v.x),mix(h(C+vec3(0,1,1)).x,h(C+vec3(1)).x,v.x),v.y),v.z)*2.-1.;"
 "}"
 "vec2 A(vec3 v)"
 "{"
   "v.xz-=i.xz;"
   "v.y-=-i.y;"
   "float C=v.y+smoothstep(1.,20.,length(v.xz));"
   "return C<.4?"
     "(C-=pow((B(v*.9)*.5+B(v*1.6)*.3+B(v*2.7)*.1)*.5+.5,3.)*.45*(1.-exp((-t+137.3)*3.)),vec2(C,12)):"
     "vec2(9e7,0);"
 "}"
 "mat3 A(vec3 v,vec3 C)"
 "{"
   "v=normalize(C-v);"
   "C=normalize(cross(v,normalize(vec3(0,1,0))));"
   "return mat3(C,cross(C,v),v);"
 "}"
 "mat2 E(float v)"
 "{"
   "float C=cos(v);"
   "v=sin(v);"
   "return mat2(C,v,-v,C);"
 "}"
 "vec3 A(vec3 v,vec2 C,float x)"
 "{"
   "vec2 y=vec2(cos(t*.7+2.),sin(t*.7+2.)*.75);"
   "float U=smoothstep(.151,.15,length(C-y));"
   "vec2 m=E(t*2e-4)*C*2e2,f=floor(m);"
   "v=h(vec3(abs(f),abs(f.x)));"
   "float c=v.z*.06;"
   "return U*smoothstep(.13,.2701,length(C-y-vec2(.05))+.004*B(1e2*vec3(C-y,0)))*vec3(1,.9,.1)*smoothstep(.5,-1.,r.y)+smoothstep(c,c*.01,length(fract(m)-.5+(v.xy-.5)))*(1.-U)+exp(-length(C-y)*2.)*.1+pow(x,2.);"
 "}"
 "float B(vec3 v,vec3 C)"
 "{"
   "v=abs(v)-C;"
   "return length(max(v,0.))+min(max(v.x,max(v.y,v.z)),0.);"
 "}"
 "vec2 F(vec3 v)"
 "{"
   "v-=i;"
   "v.xz=E(1.)*v.xz;"
   "float C=pow(clamp(v.y-1.,.004,1.),.5);"
   "C=B(v-vec3(0,1,0),vec3(1.5-C,1,2.5-C));"
   "if(C<10.)"
     "{"
       "C=min(C,B(v-vec3(0,3,0),vec3(2,1,3)));"
       "float y=max(max(length((v.yz-vec2(4.5,3))*vec2(1,.8))-2.,abs(v.x)-.5),v.y-3.5);"
       "C=min(C,y);"
       "return vec2(C-.1,11);"
     "}"
   "return vec2(9e7,0);"
 "}"
 "vec2 G(vec3 v)"
 "{"
   "v-=x;"
   "float C=B(v-vec3(0,7.5,-5),vec3(.8,.8,.1))-.2;"
   "if(C<7.)"
     "{"
       "C=max(C,abs(v.z+5.)-.1);"
       "float m=B(v-vec3(0,4,-5.1),vec3(.11,4,.08));"
       "return h(vec2(m,5),vec2(C,7));"
     "}"
   "return vec2(9e7,0);"
 "}"
 "float A(vec3 v,float C,float i,float y)"
 "{"
   "vec2 m=vec2(length(v.xz),v.y),f=vec2(y,C),x=vec2(y-i,2.*C),c=vec2(m.x-min(m.x,m.y<0.?"
     "i:"
     "y),abs(m.y)-C);"
   "x=m-f+x*clamp(dot(f-m,x)/dot(x,x),0.,1.);"
   "return(x.x<0.&&c.y<0.?"
     "-1.:"
     "1.)*sqrt(min(dot(c,c),dot(x,x)));"
 "}"
 "float E(vec3 v,vec3 C)"
 "{"
   "v-=C;"
   "C=vec3(0,2,4.9)-C;"
   "return length(v-C*clamp(dot(v,C)/dot(C,C),0.,1.))-.2;"
 "}"
 "float F(vec3 v,vec2 C)"
 "{"
   "return length(vec2(length(v.xy)-C.x,v.z))-C.y;"
 "}"
 "float G(vec3 v,vec3 C)"
 "{"
   "float y=length(v/C);"
   "return y*(y-1.)/length(v/(C*C));"
 "}"
 "vec2 H(vec3 v)"
 "{"
   "v-=y;"
   "vec3 m=v;"
   "m.x+=cos(.775+t)*3.1*.2;"
   "m.y-=2.8;"
   "m.zy=E(.7)*m.zy;"
   "float C=G(m-vec3(0,.3,0),vec3(1,.2+cos(m.x*150.)*sin(m.z*150.)*.05,1)*.25);"
   "if(C<5.)"
     "{"
       "vec2 f=vec2(C,8);"
       "vec3 c=m;"
       "float x=U*.2,l=atan(c.z,c.x),s=length(c.xz);"
       "l=mod(l-x/2.,x)-x/2.;"
       "c.xz=vec2(cos(l),sin(l))*s;"
       "float g=G(c-vec3(.5,.2+sin(c.x*2.)*.2,0),vec3(2,.1+sin(c.z*40.)*.02,.75)*.25);"
       "if(g<f.x)"
         "f=vec2(g,9);"
       "float i=max(length(v.xz+vec2(cos(v.y*.25+t)*v.y*.2+.02,-.1))-smoothstep(3.1,0.,v.y)*.05-.02,v.y-3.1);"
       "if(i<f.x)"
         "f=vec2(i,10);"
       "return f;"
     "}"
   "return vec2(9e7,0);"
 "}"
 "float B(float v,float C,float x)"
 "{"
   "float y=clamp(.5+.5*(C-v)/x,0.,1.);"
   "return mix(C,v,y)-x*y*(1.-y);"
 "}"
 "float E(float v,float C,float y)"
 "{"
   "y*=1.4;"
   "float m=max(y-abs(v-C),0.);"
   "return max(v,C)+m*m*m/(6.*y*y);"
 "}"
 "vec2 I(vec3 v)"
 "{"
   "v-=s;"
   "float C=smoothstep(0.,1.,abs(mod(t,1.)*2.-1.));"
   "v.y-=1.;"
   "v.z-=-2.;"
   "float c=t*f.x;"
   "vec3 y=vec3(cos(c*U),cos(c*U*2.)*.1,0)*.025*m.x;"
   "c=length(v*vec3(1,1,.825)-vec3(0,1.5,2.55)-y)-2.;"
   "if(c<3.)"
     "{"
       "float x=pow(B((v-y+vec3(.05,0,.5))*2.)*.5+.5,.75)*2.-1.;"
       "c=c+.05-x*.2;"
       "float l=mod(t*f.x,2.),z=smoothstep(0.,.5,l),e=smoothstep(.5,1.,l),o=smoothstep(1.,1.5,l),r=smoothstep(1.5,2.,l);"
       "vec4 i=vec4(e*(1.-e),r*(1.-r),z*(1.-z),o*(1.-o)),d=l*.5-vec4(e,r,z,o);"
       "d*=m.x;"
       "vec3 g=v;"
       "g.x-=.8;"
       "g.z-=2.+d.x;"
       "g.yz=E(i.x)*g.yz;"
       "float u=A(g-vec3(0),.7,.3,.2),G=A(g-vec3(0,-.8,0),.2,.35,.3);"
       "g=v;"
       "g.x+=1.;"
       "g.z-=2.+d.y;"
       "g.yz=E(i.y)*g.yz;"
       "u=min(u,A(g-vec3(0),.7,.3,.2));"
       "G=min(G,A(g-vec3(0,-.8,0),.2,.35,.3));"
       "g=v;"
       "g.x-=1.;"
       "g.z-=4.+d.z;"
       "g.yz=E(i.z)*g.yz;"
       "u=min(u,A(g-vec3(0),.7,.3,.2));"
       "G=min(G,A(g-vec3(0,-.8,0),.2,.35,.3));"
       "g=v;"
       "g.x+=1.;"
       "g.z-=4.+d.w;"
       "g.yz=E(i.w)*g.yz;"
       "u=min(u,A(g-vec3(0),.7,.3,.2));"
       "G=min(G,A(g-vec3(0,-.8,0),.2,.35,.3));"
       "vec3 K=v+vec3(0,-2,-1.2);"
       "K.xz=E((C*f.y-.5)*.25*m.y+a.x)*K.xz;"
       "K.zy=E(sin(t*f.y)*.25*m.y-a.y)*K.zy;"
       "float H=B(length(K-vec3(0,-1.3,-1.2))-1.,length(K-vec3(0))-.5,1.8);"
       "vec3 I=K;"
       "I*=vec3(.7,1,.7);"
       "float J=length(K-vec3(0,.35,-.1))-.55;"
       "J-=(cos(K.z*8.+K.y*4.5+K.x*4.)+cos(K.z*4.+K.y*6.5+K.x*8.))*.05;"
       "J=B(J,c,.1);"
       "I=K;"
       "I.yz=E(-.6)*I.yz;"
       "I.x=abs(v.x)-.8;"
       "I*=vec3(.3,1,.4);"
       "I-=vec3(0,-.05-pow(I.x,2.)*5.,-.1);"
       "float L=E(length(I)-.15,-length(I-vec3(0,-.1,0))+.12,.01);"
       "I.y*=.3;"
       "I.y-=-.11;"
       "float M=length(I)-.16;"
       "I=K;"
       "I.x=abs(K.x)-.4;"
       "float N=length(I*vec3(1,1,1.-p)-vec3(0,0,-1))-.3,O=B(E(abs(N)-.01,B(-abs(K.y+K.z*.025)+.25-smoothstep(.95,.96,n)*.3+cos(t)*.02,-K.z-1.-p*1.8,.2),.01),H,.02);"
       "H=min(H,O);"
       "I.x=abs(K.x)-.2;"
       "I.xz=E(-.45)*I.xz;"
       "H=B(E(H,-length(I-vec3(-.7,-1.2,-2.05))+.14*w,.1),F(I-vec3(-.7,-1.2,-1.94),vec2(.14*w,.05)),.05);"
       "float P=E(v-vec3(0,-.1,cos(v.y-.7)*.5),vec3(cos(t*f.z)*m.z,.2,5));"
       "P-=(cos(v.z*8.+v.y*4.5+v.x*4.)+cos(v.z*4.+v.y*6.5+v.x*3.))*.02;"
       "P=B(c,P,.1);"
       "vec2 k=h(h(vec2(c,1),vec2(P,1)),vec2(J,1));"
       "k.x=E(k.x,-M,.15);"
       "k=h(h(h(h(h(k,vec2(u,2)),vec2(H,2)),vec2(N,3)),vec2(G,4)),vec2(L,2));"
       "D=H;"
       "return k;"
     "}"
   "return vec2(c,1);"
 "}"
 "float F(vec3 v,vec2 C,float y)"
 "{"
   "return max(abs(v.z)-C.y,E(E(v.x*.9+v.y*.5,-v.x*.9+v.y*.5,y),-v.y,y)-C.x*.5);"
 "}"
 "vec2 J(vec3 v)"
 "{"
   "v-=z;"
   "float C=F(v-vec3(0,7.5,-5),vec2(1.7,.1),.3);"
   "if(C<8.)"
     "{"
       "C=E(C,-F(v-vec3(0,7.5,-5.1),vec2(1.6,.1),.3),.001);"
       "float f=B(v-vec3(0,4,-5.1),vec3(.11,4,.08));"
       "vec3 m=v;"
       "m.y=abs(m.y-7.3)-.3;"
       "f=min(f,B(m-vec3(0,0,-5.05),vec3(.35,.1,.05)));"
       "vec2 c=vec2(f,5);"
       "return h(c,vec2(C,6));"
     "}"
   "return vec2(9e7,0);"
 "}"
 "vec2 K(vec3 v)"
 "{"
   "return h(h(h(h(h(h(vec2(v.y,0),I(v)),H(v)),G(v)),J(v)),F(v)),A(v));"
 "}"
 "float B(vec3 v,vec3 C,float y,float x)"
 "{"
   "float m=.5*y-K(v+C*y*.5).x;"
   "y=.95*(y-K(v+C*y).x);"
   "return clamp(1.-x*1.5*(m+y),0.,1.);"
 "}"
 "float H(vec3 v,vec3 C)"
 "{"
   "float f=.01;"
   "for(int y=0;y<128;y++)"
     "{"
       "float m=K(v+C*f).x;"
       "f+=m;"
       "if(f>1e2||abs(m)<.001)"
         "break;"
     "}"
   "return f;"
 "}"
 "float I(vec3 v,vec3 C)"
 "{"
   "float f=1.,y=.08;"
   "for(int i=0;i<64;i++)"
     "{"
       "float m=K(v+C*y).x;"
       "f=min(f,30.*m/y);"
       "y+=m;"
       "if(f<1e-4||y>50.)"
         "break;"
     "}"
   "return clamp(f,0.,1.);"
 "}"
 "float E(vec2 v,float C,float y,float x)"
 "{"
   "v.x=abs(v.x);"
   "float m=(C-y)/x,c=sqrt(1.-m*m),f=dot(v,vec2(-m,c));"
   "return f<0.?"
     "length(v)-C:"
     "f>c*x?"
       "length(v-vec2(0,x))-y:"
       "dot(v,vec2(c,m))-C;"
 "}"
 "float J(vec2 v,float C)"
 "{"
   "vec2 y=vec2(.81,-.59),f=vec2(-y.x,y.y);"
   "v.x=abs(v.x);"
   "v-=2.*max(dot(y,v),0.)*y;"
   "v-=2.*max(dot(f,v),0.)*f;"
   "v.x=abs(v.x);"
   "v.y-=C;"
   "f=.5*vec2(-y.y,y)-vec2(0,1);"
   "float m=clamp(dot(v,f)/dot(f,f),0.,C);"
   "return length(v-f*m)*sign(v.y*f.x-v.x*f.y);"
 "}"
 "void main()"
 "{"
   "vec2 v=gl_FragCoord.xy/g,f=v*2.-1.;"
   "f.x*=g.x/g.y;"
   "vec3 m=c,s=A(m,e)*normalize(vec3(f,o-length(f)*u));"
   "float U=H(m,s);"
   "vec3 i=m+s*U;"
   "vec2 a=K(i),n=vec2(1e-4,0);"
   "vec3 G=normalize(vec3(a.x-K(i-n.xyy).x,a.x-K(i-n.yxy).x,a.x-K(i-n.yyx).x));"
   "float w=smoothstep(0.,.3,r.y)+.1,P=B(i,G,.15,1.)*B(i,G,1.,.1)*.5,N=I(i,r),k=1.+dot(s,G);"
   "vec3 O=vec3(1,.8,.7)*max(dot(G,r),0.)*pow(vec3(N),vec3(1,1.2,1.5)),L=vec3(1,.8,.7)*.1*max(dot(G,-r),0.)*P,M=vec3(.5)*mix(B(i,s,.3,.75),B(i,r,.3,.75),.5),Q=vec3(1)*max(dot(reflect(s,G),r),0.),R=vec3(0),S=vec3(.4,.45,.5)*P,T=vec3(0),b=vec3(0);"
   "if(a.y==0.)"
     "b=vec3(3),M*=0.,Q*=0.;"
   "else if(a.y==1.)"
     "b=vec3(.4),M*=k*.5+.5,T=vec3(.35),Q=pow(Q,vec3(4))*k*.25;"
   "else if(a.y==4.)"
     "b=vec3(.025),M*=0.,Q=pow(Q,vec3(80))*k*10.;"
   "else if(a.y==3.)"
     "{"
       "M*=.5;"
       "vec3 V=normalize(l+(B(vec3(t,t*.5,t*1.5))*2.-1.)*.01),W=cross(V,vec3(0,1,0)),X=cross(V,W);"
       "W=cross(X,V);"
       "vec3 Y=G.z*V+G.x*W+G.y*X,Z=s.z*l+s.x*W+s.y*X;"
       "vec2 _=Z.xy/Z.z*length(Y.xy)/length(m-i)*.4;"
       "Y.xy-=_*smoothstep(.01,0.,dot(Y,s));"
       "float j=.2+p*.5,q=length(Y.xy),at=atan(Y.x,Y.y);"
       "vec3 ay=mix(vec3(.5,.3,.1),vec3(0,.8,1),smoothstep(.16,.3,q)*.3+cos(at*15.)*.04);"
       "float ax=smoothstep(j,j+.02,q);"
       "b=ay*((smoothstep(-.9,1.,B(vec3(q*10.,at*30.+cos(q*50.+B(vec3(at))*50.),0)))+smoothstep(-.9,1.,B(vec3(q*10.,at*40.+cos(q*30.+B(vec3(at))*50.)*2.,0))))*.5+.5)*smoothstep(.3,.29,q);"
       "b*=vec3(1,.8,.7)*pow(max(0.,dot(normalize(vec3(3,1,-1)),Y)),8.)*3e2+.5;"
       "b*=ax;"
       "b+=pow(Q,vec3(800))*3;"
       "b=mix(ay*.3,mix(b,vec3(.8),smoothstep(.29,.3,q)),smoothstep(0.,.05,abs(q-.3)+.01));"
       "G=mix(normalize(G+(l+G)*4.),G,smoothstep(.3,.32,q));"
       "{"
         "vec3 av=reflect(s,G),aC=normalize(vec3(1,1.5,-1)),ac=vec3(-aC.x,aC.y*.5,aC.z);"
         "R=(mix(mix(vec3(.3,.3,0),vec3(.1),smoothstep(-.7,.2,av.y)),vec3(.3,.65,1),smoothstep(0.,1.,av.y))+(h(av,aC,.1)+h(av,ac,2.)*.1+h(av,normalize(aC+vec3(.2,0,0)),.3)+h(av,normalize(aC+vec3(.2,0,.2)),.5)+h(av,normalize(ac+vec3(.1,0,.2)),8.)*.5)*vec3(1,.9,.8))*mix(.15,.2,ax)*sqrt(k)*2.5;"
       "}"
       "K(i);"
       "b*=smoothstep(0.,.015,D)*.4+.6;"
       "Q*=0.;"
     "}"
   "else if(a.y==5.)"
     "b=vec3(.85,.95,1),M*=0.,Q=pow(Q,vec3(8))*k*2.;"
   "else if(a.y==6.)"
     "{"
       "vec3 Y=i-z;"
       "M*=0.;"
       "Q=pow(Q,vec3(8))*k*20.;"
       "if(G.z>.5)"
         "{"
           "b=vec3(1.5,0,0);"
           "float q=smoothstep(.13,.1295,distance(Y,vec3(0,7.1,-4.9)));"
           "q+=smoothstep(.005,0.,E(Y.xy-vec2(0,7.34),.06,.14,1.));"
           "b=mix(mix(b,vec3(2),smoothstep(.005,0.,F(Y-vec3(0,7.5,-5),vec2(1.3,.2),.01))),vec3(0),q);"
         "}"
       "else"
         " b=vec3(.85,.95,1);"
     "}"
   "else if(a.y==7.)"
     "{"
       "vec3 Y=i-x;"
       "M*=0.;"
       "Q=pow(Q,vec3(8))*k*10.;"
       "if(G.z>.5)"
         "{"
           "b=vec3(0,0,1.5);"
           "Y.y-=7.4;"
           "float q=B(Y-vec3(0,.1,-5),vec3(.8,.8,1)),W=0.;"
           "Y.xy=E(.8)*Y.xy;"
           "W+=smoothstep(.01,0.,E(Y.xy-vec2(-.04,-.6),.1,.05,1.));"
           "W+=smoothstep(.01,0.,E(Y.xy-vec2(-.04,.5),.16,.135,.15));"
           "W*=smoothstep(0.,.01,E(Y.xy-vec2(-.12,.56),.001,.02,.2));"
           "W*=smoothstep(0.,.01,E(Y.xy-vec2(0,.56),.001,.02,.2));"
           "Y.xy=E(-1.6)*Y.xy;"
           "W+=smoothstep(.01,0.,E(Y.xy-vec2(.04,-.6),.1,.05,1.));"
           "W+=smoothstep(.01,0.,E(Y.xy-vec2(.04,.5),.16,.1,.15));"
           "b=mix(mix(b,vec3(2),smoothstep(.01,0.,q)),vec3(0),W);"
         "}"
       "else"
         " b=vec3(1);"
     "}"
   "else if(a.y==8.)"
     "{"
       "vec3 Y=i-y;"
       "Y.x+=cos(.775+t)*3.1*.2;"
       "Y.y-=2.8;"
       "Y.zy=E(.75)*Y.zy;"
       "b=mix(vec3(2,.75,0),vec3(2,2,0),smoothstep(0.,.45,length(Y-vec3(0,.3,0))))*1.8;"
       "M=vec3(.01);"
       "Q*=0.;"
     "}"
   "else if(a.y==10.)"
     "b=vec3(0,.05,0),Q*=k;"
   "else if(a.y==9.)"
     "{"
       "vec3 Y=i-y;"
       "Y.x+=cos(.775+t)*3.1*.2;"
       "Y.y-=2.8;"
       "Y.zy=E(.75)*Y.zy;"
       "b=mix(vec3(1)+.5,vec3(.75,.5,1),smoothstep(.5,1.1,length(Y-vec3(0,.3,0))))*2.;"
       "M*=0.;"
       "Q=pow(Q,vec3(4))*k;"
     "}"
   "else if(a.y==11.)"
     "b=vec3(1),O*=vec3(.1)*k,S*=vec3(.1)*k,L*=0.,M*=0.,Q=pow(Q,vec3(100))*k*2.;"
   "else if(a.y==12.)"
     "b=vec3(1,.01,.01)*.3,O*=vec3(3),S*=vec3(2)*k*k,M*=0.,Q=vec3(1,.3,.3)*pow(Q,vec3(500))*5.;"
   "else if(a.y==2.)"
     "b=vec3(1,.7,.5),S*=vec3(1,.75,.75),M=pow(M,vec3(.5,2.5,5)+2.)*2.,Q=pow(Q,vec3(4))*k*.02;"
   "b=clamp(mix((b*(S+O*.5+L*2.+M*2.)+R+Q*N+T)*w,A(s,f,w),smoothstep(90.,1e2,U)),0.,1.);"
   "if(a.y==0.)"
     "{"
       "float Y=length(f)*.5,q=cos(atan(f.x,f.y)*15.-t*3.-Y*30.*d.y);"
       "b=mix(b,mix(mix(vec3(1,.5,0),vec3(.8,.5,1),(cos(Y*5.+t*5.)*.5+.5)*d.y),vec3(1),smoothstep(-Y,Y,q)),d.x);"
     "}"
   "a=E(t*5.)*vec2(abs(f.x*5.-.35)-1.8,f.y*5.-1.4);"
   "w=(1.4+.2*sin(t*20.))*smoothstep(.5,1.,d.x);"
   "b=pow(pow(mix(b,mix(vec3(1,.6,0),vec3(1,.2,0),smoothstep(-.1,.6,J(a,w*.5)))*1.3,smoothstep(0.,-.01,J(a,w))*d.x),vec3(1./2.2)),vec3(1,1.05,1.1));"
   "w=length(gl_FragCoord.xy/g.xx-vec2(.5,.3));"
   "P=max(.137,smoothstep(147.,146.,t));"
   "b*=smoothstep(P,P-.005,w);"
   "P=fract(23.*pow(w,.25));"
   "P-=smoothstep(.95,.99,P);"
   "b=mix(b,mix(vec3(1,.6,0),vec3(1,0,0),pow(P,1.)),smoothstep(.135,.136,w)*smoothstep(147.,148.,t));"
   "b*=smoothstep(0.,8.,t)*smoothstep(153.,150.,t);"
   "C=vec4(b/(1.+pow(length(v*2.-1.),4.)*.04),1);"
 "}";

const char *fxaa_frag =
 "#version 150\n"
 "out vec4 C;"
 "const vec2 b=vec2(1920,1080);"
 "uniform sampler2D Y;"
 "void main()"
 "{"
   "vec2 v=1./b,f=gl_FragCoord.xy*v;"
   "vec4 m=vec4(f,f-v*.5);"
   "vec3 y=vec3(.299,.587,.114);"
   "float c=dot(textureLod(Y,m.zw,0.).xyz,y),x=dot(textureLod(Y,m.zw+vec2(1,0)*v.xy,0.).xyz,y),s=dot(textureLod(Y,m.zw+vec2(0,1)*v.xy,0.).xyz,y),U=dot(textureLod(Y,m.zw+vec2(1)*v.xy,0.).xyz,y),l=dot(textureLod(Y,m.xy,0.).xyz,y),e=min(l,min(min(c,x),min(s,U)));"
   "l=max(l,max(max(c,x),max(s,U)));"
   "f=vec2(-c-x+s+U,c+s-x-U);"
   "c=1./(min(abs(f.x),abs(f.y))+1./128.);"
   "f=min(vec2(8),max(vec2(-8),f*c))*v.xy;"
   "vec3 i=.5*(textureLod(Y,m.xy+f*(1./3.-.5),0.).xyz+textureLod(Y,m.xy+f*(2./3.-.5),0.).xyz),a=i*.5+.25*(textureLod(Y,m.xy+f*-.5,0.).xyz+textureLod(Y,m.xy+f*.5,0.).xyz);"
   "c=dot(a,y);"
   "C=c<e||c>l?"
     "vec4(i,1):"
     "vec4(a,1);"
 "}";

#endif // MOUTON_EXPECTED_
