int n;
float a(float s)
{
  s=3.;
  n=2.;
  return s;
}
float main()
{
  float t=3.;
  t-=1.;
  return a(1.)+a(5.);
}