int f(int x)
{
  
#if FOO

  return x;
  
#else

  return x+2;
  
#endif

}
void main()
{
  f(2);
  return;
}
