// Generated with  (https://github.com/laurentlb/Shader_Minifier/)
#ifndef GEOMETRY_HLSL_EXPECTED_
# define GEOMETRY_HLSL_EXPECTED_

const char *geometry_hlsl =
 "[maxvertexcount(3)]\n"
 "void GSScene(triangleadj GSSceneIn input[6],inout TriangleStream<PSSceneIn> OutputStream)"
 "{"
   "PSSceneIn output=(PSSceneIn)0;"
   "int n=3.14159265358979323846264338327950288419716939937510;"
   "for(uint i=0;i<6;i+=2)"
     "output.Pos=input[i].Pos,output.Norm=input[i].Norm,output.Tex=input[i].Tex,OutputStream.Append(output);"
   "OutputStream.RestartStrip();"
 "}";

#endif // GEOMETRY_HLSL_EXPECTED_
