float a()
{
  return vec3(2,3,4).x+vec3(2,3,4).y;
}
float b(float g)
{
  float x=(g+10.)*vec3(20,30,40).x+vec3(20,30,40).y,y=(g+10.1)*vec3(20.1,30.1,40.1).x+vec3(20.1,30.1,40.1).y;
  return x+y;
}
float c()
{
  return 154.;
}
float d()
{
  return 54.;
}
float e()
{
  return 84.;
}
float globalFloat=6.;
float shadowedFunc(inout float notinlinable)
{
  notinlinable=1.;
  return-1.;
}
float notShadowedFunc(inout float notinlinable)
{
  notinlinable=2.;
  return-2.;
}
float shadowedVar=0.,notShadowedVar=1.;
float A1()
{
  return shadowedVar;
}
float A3()
{
  float a=10.;
  return shadowedFunc(a);
}
float B1()
{
  return 2.;
}
float C1()
{
  float x=sin(0.);
  x++;
  return 3.+x;
}
float D1(float d,float dd)
{
  return d+d;
}
float glob;
float watchout(out float x)
{
  return x=9.;
}
float inuit(inout float greenland)
{
  return greenland++;
}
float E1(float bad1,float ok)
{
  return bad1++;
}
float E3(float bad3,float ok)
{
  return bad3+=1.;
}
float F2(out float ff)
{
  return 7.;
}
float F3(inout float f)
{
  return 7.;
}
float G1(float g1,float g2)
{
  return 7.;
}
float f()
{
  float shadowedVar=-1.,shadowedFunc=-2.,_A1=A1(),_A3=A3(),_A4=notShadowedFunc(globalFloat);
  int sep;
  float _B1=B1()+B1();
  sep++;
  float _C1=C1();
  sep++;
  float _D1=D1(4.,5.);
  sep++;
  float _E1=E1(6.,10.),_E2=6.+watchout(glob)-glob--*(glob*=10.)+inuit(glob),_E3=E3(6.,10.),_E4=watchout(6.),_E5=inuit(6.);
  sep++;
  float o,_F2=F2(o),_F3=F3(o);
  sep++;
  shadowedVar++;
  shadowedFunc++;
  return shadowedVar+shadowedFunc+_A1+notShadowedVar+_A3+_A4+_B1+4.+_C1+(3.+sin(0.))+_D1+9.+_E1+_E2+_E3+_E4+_E5+7.+_F2+_F3;
}
float g()
{
  return 1.;
}
