float inl1()
{
  return 126.;
}
float inl2(float x)
{
  return x>246913578.?
    1e2:
    x>123456789.?
      101.:
      102.;
}
float inl3()
{
  return 2.*acos(-1.)*.75;
}
float inl4()
{
  return 2.*acos(-1.)*.75;
}
float inl5()
{
  return 579.;
}
const float bar=acos(-1.),baz=2.*bar;
float inl6()
{
  return 2.*baz;
}
void notevil()
{
  float x=42.;
}
float inl7()
{
  notevil();
  return 101.;
}
int inl8(ivec3 x)
{
  x[1]+=1;
  return x[1]+1;
}
float noinl1()
{
  return 101.;
}
float noinl2()
{
  float f=42.;
  f++;
  return f;
}
float noinl3()
{
  float f=42.;
  if(acos(-1.)<3.)
    f=101.;
  return f;
}
float noinl4()
{
  float f=42.;
  for(f=0.;false;)
    ;
  return f;
}
float noinl5()
{
  float f=42.;
  for(;false;f++)
    ;
  return f;
}
float noinl6(float x)
{
  float f=x+1.;
  x=1e2;
  return f+2.;
}
float noinl7(const float x)
{
  return x+1.2;
}
float noinl8()
{
  return 3.;
}
float noinl9(float x)
{
  float bar=x+1.;
  x=1e2;
  return bar+2.;
}
void evil(inout float x)
{
  x=42.;
}
float noinl10()
{
  float f=101.;
  evil(f);
  return f;
}
int noinl11(ivec3 x)
{
  int i=1;
  x[i++]+=1;
  return x[i]+i;
}
int noinl12()
{
  int i=10;
  for(;--i>0;)
    ;
  return 1;
}
