float a()
{
  return vec3(2,3,4).x+vec3(2,3,4).y;
}
float b(float g)
{
  return(g+10.)*vec3(20,30,40).x+vec3(20,30,40).y+((g+10.1)*vec3(20.1,30.1,40.1).x+vec3(20.1,30.1,40.1).y);
}
float c()
{
  return 154.;
}
float d()
{
  return 54.;
}
float e()
{
  return 84.;
}
float globalFloat=6.;
float shadowedFunc(inout float notinlinable)
{
  notinlinable=1.;
  return-1.;
}
float notShadowedFunc(inout float notinlinable)
{
  notinlinable=2.;
  return-2.;
}
float A3()
{
  float a=10.;
  return shadowedFunc(a);
}
float B1(float x)
{
  return pow(2.,x);
}
float C1()
{
  float x=sin(0.);
  x++;
  return 3.+x;
}
float glob;
float watchout(out float x)
{
  return x=9.;
}
float inuit(inout float greenland)
{
  return greenland++;
}
float E1()
{
  float bad1=6.;
  return bad1++;
}
float E3()
{
  float bad3=6.;
  return bad3+=1.;
}
float E4()
{
  float bad4=6.;
  return watchout(bad4);
}
float E5()
{
  float bad5=6.;
  return inuit(bad5);
}
float F2(out float ff)
{
  return 7.;
}
float F3(inout float f)
{
  return 7.;
}
float G1(float g1,float g2)
{
  return 7.;
}
float f()
{
  float shadowedVar=-1.,shadowedFunc=-2.,_A3=A3(),_A4=notShadowedFunc(globalFloat);
  int sep;
  float _B1=B1(3.)+B1(4.);
  sep++;
  float _C1=C1();
  sep++;
  sep++;
  float _E2=6.+watchout(glob)-glob--*(glob*=10.)+inuit(glob),_E4=E4(),_E5=E5();
  sep++;
  float o,_F2=F2(o),_F3=F3(o);
  sep++;
  shadowedVar++;
  shadowedFunc++;
  return shadowedVar+shadowedFunc+1.+_A3+_A4+_B1+4.+_C1+(3.+sin(0.))+8.+9.+E1()+_E2+E3()+_E4+_E5+7.+_F2+_F3;
}
float g()
{
  return 1.;
}
