#version 120

float result;
void main()
{
  result=.15;
}
int arithmetic()
{
  return 40;
}
int vars(int arg,int arg2)
{
  return arg*(arg+arg2);
}
int arithmetic2()
{
  return 40;
}
int unusedVars()
{
  return 30;
}
int unusedVars2()
{
  return 18;
}
int multiPass()
{
  return 3;
}
float multiPass2()
{
  return 9.;
}
int dont_inline_lvalue()
{
  int a=1;
  a=2;
  return 3;
}
float arr[]=float[](3.4,4.2);
void lvalues()
{
  arr[1]=2.;
}
uniform int time;
in int sync;
int dependOnConst()
{
  return(time+sync)*2*3;
}
