// Generated with  (https://github.com/laurentlb/Shader_Minifier/)
#ifndef SHADER_MINIFIER_IMPL
#ifndef SHADER_MINIFIER_HEADER
# define SHADER_MINIFIER_HEADER
#endif

#else // if SHADER_MINIFIER_IMPL

// tests/unit/operators.frag
 "#version 330\n"
 "float notmain()"
 "{"
   "int a=11,b=7,c=2;"
   "float f=1.4/3.,g=mod(8.,3.),z=122121;"
   "return a+b+c+f+g+z;"
 "}"
 "int no_parens(int a,int b,int c)"
 "{"
   "return b+c+a+a+b*c;"
 "}"
 "int no_parens2(int a,int b,int c)"
 "{"
   "int d=b*c*a;"
   "return a-b+1-d+c;"
 "}"
 "int other(int a,int b,int c,int d)"
 "{"
   "return a*b*(c*d)*(a*b);"
 "}"
 "float f(float x)"
 "{"
   "float a=(x+=1.,length(vec3(x)));"
   "return a*a*sin((a*=a,a));"
 "}",

#endif
