#version 330

int i;
float bar(float x)
{
  float a=6.;
  a+=x;
  float b=x;
  b+=x;
  b=34.;
  b+=x;
  float arr[2]=float[2](7.,8.);
  arr=float[2](5.,float(arr.length()));
  float m=a*=10,a*=20,a*=30,b++,i++,58.;
  return a+b+m;
}
float baz(float a)
{
  float b=a+4.;
  b+=sin(a);
  float c=b+5.;
  c+=sin(b);
  return-c-c+c;
}
out vec3 output;
void notMain(float x)
{
  output.xyz=vec3(92)+vec3(bar(x)+baz(x));
}
